
- NASM Map file ---------------------------------------------------------------

Source file:  kernel.asm
Output file:  kernel.bat

-- Symbols --------------------------------------------------------------------

---- No Section ---------------------------------------------------------------

Value     Name
00004000  DA_32
00000098  DA_C
00000092  DA_DRW
00000093  DA_DRWA
0000008E  DA_386IGate
00008000  DA_LIMIT_4K
00000089  DA_386TSS
000A0000  VRAM_ADDRESS
00001000  SystemFontLength
000000A8  GdtLen
00000008  SelectorCode32
00000010  SelectorVideo
00000020  SelectorStack
00000018  SelectorVram
00000028  SelectorFont
00000170  IdtLen
0000791F  SpuriousHandler
00007920  KeyBoardHandler
00007934  mouseHandler
00007948  timerHandler
00007960  exceptionHandler
00007A13  AsmConsPutCharHandler
00007A69  SegCode32Len


---- Section .text ------------------------------------------------------------

Real              Virtual           Name
            8003              8003  LABEL_SYSTEM_FONT
            8003              8003  _systemFont

---- Section .gdt -------------------------------------------------------------

Real              Virtual           Name
            9004              9004  LABEL_GDT
            900C              900C  LABEL_DESC_CODE32
            9014              9014  LABEL_DESC_VIDEO
            901C              901C  LABEL_DESC_VRAM
            9024              9024  LABEL_DESC_STACK
            902C              902C  LABEL_DESC_FONT
            9034              9034  LABEL_DESC_6
            903C              903C  LABEL_DESC_7
            9044              9044  LABEL_DESC_8
            904C              904C  LABEL_DESC_9
            9054              9054  LABEL_DESC_10
            90AC              90AC  GdtPtr
            90B2              90B2  LABEL_IDT
            911A              911A  LABEL_IDT.0Dh
            91B2              91B2  LABEL_IDT.020h
            91BA              91BA  LABEL_IDT.021h
            9212              9212  LABEL_IDT.2CH
            921A              921A  LABEL_IDT.2DH
            9222              9222  IdtPtr

---- Section .s16 -------------------------------------------------------------

Real              Virtual           Name
            9228              9228  LABEL_BEGIN
            9233              9233  keystatus
            9233              9233  ComputeMemory
            923C              923C  ComputeMemory.loop
            9267              9267  LABEL_MEM_CHK_FAIL
            9270              9270  LABEL_MEM_CHK_OK
            9301              9301  init8259A
            9344              9344  io_delay

---- Section .s32 -------------------------------------------------------------

Real              Virtual           Name
            934C              934C  LABEL_SEG_CODE32
            9364              9364  _launch
            9773              9773  ?_001
            97B0              97B0  ?_002
            9885              9885  ?_003
            98F8              98F8  ?_004
            9987              9987  ?_005
            9A71              9A71  ?_006
            9AC0              9AC0  ?_007
            9AF1              9AF1  ?_008
            9B49              9B49  ?_009
            9B6B              9B6B  ?_010
            9BB9              9BB9  ?_011
            9BEC              9BEC  _set_cursor
            9C7B              9C7B  _isSpecialKey
            9CC5              9CC5  ?_012
            9CCF              9CCF  ?_013
            9CD4              9CD4  ?_014
            9CD6              9CD6  _transferScanCode
            9CF7              9CF7  ?_015
            9D0F              9D0F  ?_016
            9D27              9D27  ?_017
            9D3F              9D3F  ?_018
            9D60              9D60  ?_019
            9D6A              9D6A  ?_020
            9DA0              9DA0  ?_021
            9DAA              9DAA  ?_022
            9E03              9E03  ?_023
            9E37              9E37  ?_024
            9E40              9E40  ?_025
            9E41              9E41  ?_026
            9E45              9E45  ?_027
            9E47              9E47  _launch_console
            A01F              A01F  _cmd_dir
            A058              A058  ?_028
            A064              A064  ?_029
            A091              A091  ?_030
            A09F              A09F  ?_031
            A0A0              A0A0  ?_032
            A0C5              A0C5  ?_033
            A0EF              A0EF  ?_034
            A1A2              A1A2  ?_035
            A1D6              A1D6  _cmd_type
            A21E              A21E  ?_036
            A250              A250  ?_037
            A25E              A25E  ?_038
            A25F              A25F  ?_039
            A276              A276  ?_040
            A286              A286  ?_041
            A2B3              A2B3  ?_042
            A2C1              A2C1  ?_043
            A2C2              A2C2  ?_044
            A2E7              A2E7  ?_045
            A311              A311  ?_046
            A374              A374  ?_047
            A392              A392  ?_048
            A413              A413  ?_049
            A446              A446  ?_050
            A4CA              A4CA  ?_051
            A4D1              A4D1  ?_052
            A4E3              A4E3  ?_053
            A4EA              A4EA  ?_054
            A4F8              A4F8  ?_055
            A545              A545  _cmd_mem
            A63B              A63B  _cmd_cls
            A65E              A65E  ?_056
            A66A              A66A  ?_057
            A68E              A68E  ?_058
            A69E              A69E  ?_059
            A722              A722  _cmd_hlt
            A82B              A82B  _console_task
            A94A              A94A  ?_060
            A96D              A96D  ?_061
            A9CB              A9CB  ?_062
            A9F1              A9F1  ?_063
            AA09              AA09  ?_064
            AA50              AA50  ?_065
            AAB2              AAB2  ?_066
            AB4D              AB4D  ?_067
            AB71              AB71  ?_068
            AB95              AB95  ?_069
            ABB9              ABB9  ?_070
            ABFB              ABFB  ?_071
            AC0A              AC0A  ?_072
            AC97              AC97  ?_073
            AD04              AD04  ?_074
            AD45              AD45  _cons_putchar
            ADF4              ADF4  _cons_putstr
            AE02              AE02  ?_075
            AE22              AE22  ?_076
            AE2F              AE2F  _cons_newline
            AE4E              AE4E  ?_077
            AE5A              AE5A  ?_078
            AE66              AE66  ?_079
            AEA3              AEA3  ?_080
            AEB3              AEB3  ?_081
            AEC8              AEC8  ?_082
            AED4              AED4  ?_083
            AEF4              AEF4  ?_084
            AF04              AF04  ?_085
            AF41              AF41  ?_086
            AF80              AF80  _init_screen8
            B32A              B32A  _computeMousePosition
            B364              B364  ?_087
            B377              B377  ?_088
            B395              B395  ?_089
            B3B3              B3B3  ?_090
            B3B6              B3B6  _show_mouse_info
            B470              B470  ?_091
            B473              B473  _initBootInfo
            B494              B494  _showString
            B4B6              B4B6  ?_092
            B507              B507  ?_093
            B54E              B54E  _init_palette
            B576              B576  _set_palette
            B5AA              B5AA  ?_094
            B616              B616  ?_095
            B62C              B62C  _boxfill8
            B646              B646  ?_096
            B651              B651  ?_097
            B671              B671  ?_098
            B680              B680  ?_099
            B68B              B68B  _showFont8
            B6A6              B6A6  ?_100
            B6D8              B6D8  ?_101
            B704              B704  ?_102
            B730              B730  ?_103
            B75C              B75C  ?_104
            B788              B788  ?_105
            B7B4              B7B4  ?_106
            B7E0              B7E0  ?_107
            B80C              B80C  ?_108
            B813              B813  ?_109
            B823              B823  _init_mouse_cursor
            B83E              B83E  ?_110
            B84A              B84A  ?_111
            B87A              B87A  ?_112
            B8AA              B8AA  ?_113
            B8DD              B8DD  ?_114
            B8E4              B8E4  ?_115
            B8F8              B8F8  ?_116
            B908              B908  _putblock
            B91E              B91E  ?_117
            B92A              B92A  ?_118
            B966              B966  ?_119
            B975              B975  ?_120
            B987              B987  _intHandlerFromC
            B9EC              B9EC  _charToHexVal
            BA0F              BA0F  ?_121
            BA18              BA18  ?_122
            BA1A              BA1A  _charToHexStr
            BA72              BA72  _intToHexStr
            BA9C              BA9C  ?_123
            BAAE              BAAE  ?_124
            BAC3              BAC3  ?_125
            BAF9              BAF9  ?_126
            BB0D              BB0D  ?_127
            BB14              BB14  ?_128
            BB26              BB26  ?_129
            BB2D              BB2D  _wait_KBC_sendready
            BB36              BB36  ?_130
            BB50              BB50  ?_131
            BB54              BB54  _init_keyboard
            BB92              BB92  _enable_mouse
            BBD7              BBD7  _intHandlerForMouse
            BC2E              BC2E  _mouse_decode
            BC55              BC55  ?_132
            BC5F              BC5F  ?_133
            BC8A              BC8A  ?_134
            BC94              BC94  ?_135
            BCBA              BCBA  ?_136
            BD35              BD35  ?_137
            BD5A              BD5A  ?_138
            BD74              BD74  ?_139
            BD79              BD79  ?_140
            BD7B              BD7B  _showMemoryInfo
            BFA2              BFA2  _message_box
            C090              C090  _make_window8
            C35B              C35B  _make_wtitle8
            C37E              C37E  ?_141
            C386              C386  ?_142
            C40A              C40A  ?_143
            C416              C416  ?_144
            C43D              C43D  ?_145
            C44C              C44C  ?_146
            C45B              C45B  ?_147
            C45F              C45F  ?_148
            C493              C493  ?_149
            C4A7              C4A7  ?_150
            C4BE              C4BE  _make_textbox8
            C75E              C75E  _file_loadfile
            C796              C796  ?_151
            C7A2              C7A2  ?_152
            C7CF              C7CF  ?_153
            C7DD              C7DD  ?_154
            C7DE              C7DE  ?_155
            C803              C803  ?_156
            C82D              C82D  ?_157
            C8B2              C8B2  ?_158
            C8D2              C8D2  ?_159
            C8DF              C8DF  ?_160
            C8E6              C8E6  ?_161
            C8F4              C8F4  ?_162
            C913              C913  _kernel_api
            C948              C948  ?_163
            C969              C969  ?_164
            C970              C970  ?_165
            C973              C973  _intHandlerForException
            C9DB              C9DB  _shtctl_init
            CA0D              CA0D  ?_166
            CA59              CA59  ?_167
            CA89              CA89  ?_168
            CAAB              CAAB  ?_169
            CAB7              CAB7  ?_170
            CAB9              CAB9  _sheet_alloc
            CACE              CACE  ?_171
            CB31              CB31  ?_172
            CB38              CB38  ?_173
            CB46              CB46  ?_174
            CB48              CB48  _sheet_setbuf
            CB71              CB71  _sheet_updown
            CBA4              CBA4  ?_175
            CBB4              CBB4  ?_176
            CBE1              CBE1  ?_177
            CC21              CC21  ?_178
            CCE6              CCE6  ?_179
            CCFC              CCFC  ?_180
            CD3C              CD3C  ?_181
            CD47              CD47  ?_182
            CDFF              CDFF  ?_183
            CE1F              CE1F  ?_184
            CE5F              CE5F  ?_185
            CE7F              CE7F  ?_186
            CE8D              CE8D  ?_187
            CED3              CED3  ?_188
            CEFD              CEFD  ?_189
            CF9C              CF9C  ?_190
            CFA8              CFA8  _sheet_refresh
            D01F              D01F  ?_191
            D02F              D02F  _sheet_slide
            D183              D183  ?_192
            D18E              D18E  _sheet_refreshsub
            D1B8              D1B8  ?_193
            D1C8              D1C8  ?_194
            D1DC              D1DC  ?_195
            D1F0              D1F0  ?_196
            D1FB              D1FB  ?_197
            D237              D237  ?_198
            D251              D251  ?_199
            D2E3              D2E3  ?_200
            D2EA              D2EA  ?_201
            D300              D300  ?_202
            D316              D316  ?_203
            D325              D325  _sheet_refreshmap
            D347              D347  ?_204
            D357              D357  ?_205
            D36B              D36B  ?_206
            D37F              D37F  ?_207
            D38A              D38A  ?_208
            D40A              D40A  ?_209
            D41A              D41A  ?_210
            D42E              D42E  ?_211
            D442              D442  ?_212
            D44D              D44D  ?_213
            D466              D466  ?_214
            D4B6              D4B6  ?_215
            D4BD              D4BD  ?_216
            D4CC              D4CC  ?_217
            D4DF              D4DF  ?_218
            D4F4              D4F4  _memman_init
            D521              D521  _memman_total
            D53D              D53D  ?_219
            D557              D557  ?_220
            D566              D566  _memman_alloc
            D57B              D57B  ?_221
            D60E              D60E  ?_222
            D616              D616  ?_223
            D61D              D61D  ?_224
            D630              D630  ?_225
            D632              D632  _memman_free
            D648              D648  ?_226
            D663              D663  ?_227
            D672              D672  ?_228
            D673              D673  ?_229
            D749              D749  ?_230
            D753              D753  ?_231
            D7BB              D7BB  ?_232
            D7D8              D7D8  ?_233
            D806              D806  ?_234
            D835              D835  ?_235
            D864              D864  ?_236
            D88D              D88D  ?_237
            D896              D896  _memman_alloc_4k
            D8C9              D8C9  _memman_free_4k
            D906              D906  _fifo8_init
            D94D              D94D  _fifo8_put
            D96F              D96F  ?_238
            D996              D996  ?_239
            D9D2              D9D2  ?_240
            DA19              DA19  ?_241
            DA1E              DA1E  ?_242
            DA20              DA20  _fifo8_get
            DA43              DA43  ?_243
            DA82              DA82  ?_244
            DA94              DA94  ?_245
            DA96              DA96  _fifo8_status
            DAAE              DAAE  _init_pit
            DB09              DB09  ?_246
            DB32              DB32  ?_247
            DB3E              DB3E  _timer_alloc
            DB53              DB53  ?_248
            DB8A              DB8A  ?_249
            DB91              DB91  ?_250
            DB9F              DB9F  ?_251
            DBA1              DBA1  _timer_free
            DBB1              DBB1  _timer_init
            DBD6              DBD6  _timer_settime
            DBEE              DBEE  _intHandlerForTimer
            DC2A              DC2A  ?_252
            DCC7              DCC7  ?_253
            DCD2              DCD2  ?_254
            DCD9              DCD9  ?_255
            DCE9              DCE9  _getTimerController
            DCF2              DCF2  _set_segmdesc
            DD0E              DD0E  ?_256
            DD71              DD71  _init_task_level
            DDC6              DDC6  ?_257
            DDEC              DDEC  ?_258
            DDF8              DDF8  _task_init
            DE2D              DE2D  ?_259
            DEC4              DEC4  ?_260
            DEDD              DEDD  ?_261
            DEEF              DEEF  ?_262
            DF63              DF63  _task_add
            DFB5              DFB5  _task_alloc
            DFCA              DFCA  ?_263
            E0C8              E0C8  ?_264
            E0CF              E0CF  ?_265
            E0E1              E0E1  ?_266
            E0E3              E0E3  _task_run
            E0FE              E0FE  ?_267
            E110              E110  ?_268
            E133              E133  ?_269
            E154              E154  ?_270
            E163              E163  _task_remove
            E198              E198  ?_271
            E1BA              E1BA  ?_272
            E1C1              E1C1  ?_273
            E1CB              E1CB  ?_274
            E1F2              E1F2  ?_275
            E20B              E20B  ?_276
            E21A              E21A  ?_277
            E238              E238  ?_278
            E245              E245  _task_switch
            E2A7              E2A7  ?_279
            E2D9              E2D9  ?_280
            E329              E329  ?_281
            E32C              E32C  _task_sleep
            E3A4              E3A4  ?_282
            E3A9              E3A9  _task_switchsub
            E3BE              E3BE  ?_283
            E3E5              E3E5  ?_284
            E3F3              E3F3  ?_285
            E3F4              E3F4  ?_286
            E40D              E40D  _task_now
            E446              E446  _send_message
            E47A              E47A  _strcmp
            E495              E495  ?_287
            E49F              E49F  ?_288
            E4AB              E4AB  ?_289
            E4CF              E4CF  ?_290
            E4D6              E4D6  ?_291
            E4F4              E4F4  ?_292
            E51C              E51C  ?_293
            E544              E544  ?_294
            E549              E549  ?_295
            E54E              E54E  _memman
            E56E              E56E  _keytable
            E5CE              E5CE  _keytable1
            E64E              E64E  _keyval
            E650              E650  ?_296
            E651              E651  ?_297
            E66E              E66E  _table_rgb.2522
            E6AE              E6AE  _cursor.2569
            E7AE              E7AE  _closebtn.2688
            E88E              E88E  ?_298
            E896              E896  ?_299
            E89D              E89D  ?_300
            E8A5              E8A5  ?_301
            E8A7              E8A7  ?_302
            E8AD              E8AD  ?_303
            E8B1              E8B1  ?_304
            E8B3              E8B3  ?_305
            E8BB              E8BB  ?_306
            E8BF              E8BF  ?_307
            E8C3              E8C3  ?_308
            E8C7              E8C7  ?_309
            E8CB              E8CB  ?_310
            E8D5              E8D5  ?_311
            E8E1              E8E1  ?_312
            E8ED              E8ED  ?_313
            E8F9              E8F9  ?_314
            E901              E901  ?_315
            E95E              E95E  _key_shift
            E962              E962  _caps_lock
            E966              E966  _g_Console
            E96A              E96A  ?_316
            E96E              E96E  ?_317
            E972              E972  ?_318
            E976              E976  ?_319
            E977              E977  ?_320
            E97A              E97A  _bootInfo
            E97E              E97E  ?_321
            E980              E980  ?_322
            E982              E982  _keyinfo
            E99A              E99A  ?_323
            E99E              E99E  _mouseinfo
            E9BE              E9BE  _keybuf
            E9DE              E9DE  _mousebuf
            EA5E              EA5E  _mdec
            EA6A              EA6A  ?_324
            EA6E              EA6E  _timerinfo
            EA8A              EA8A  _timerbuf
            EA92              EA92  _mx
            EA96              EA96  _my
            EA9A              EA9A  _xsize
            EA9E              EA9E  _ysize
            EAA2              EAA2  _buf_back
            EABE              EABE  _buf_mouse
            EBBE              EBBE  _shtMsgBox
            EBC2              EBC2  _shtctl
            EBC6              EBC6  _sht_back
            EBCA              EBCA  _sht_mouse
            EBCE              EBCE  _task_cons
            EBD2              EBD2  _task_main
            EBD6              EBD6  _buffer
            EBDA              EBDA  ?_325
            EBDE              EBDE  _task_a.2331
            EBFE              EBFE  _tss_a.2330
            EC7E              EC7E  _tss_b.2329
            ECE6              ECE6  _str.2617
            ECE7              ECE7  ?_326
            ECF0              ECF0  ?_327
            ECFE              ECFE  _timerctl
           10C5E             10C5E  _task_timer
           10C62             10C62  _taskctl
           10C6B             10C6B  _SpuriousHandler
           10C6C             10C6C  _KeyBoardHandler
           10C80             10C80  _mouseHandler
           10C94             10C94  _timerHandler
           10CAC             10CAC  _exceptionHandler
           10CC5             10CC5  _get_font_data
           10CDE             10CDE  _io_hlt
           10CE0             10CE0  _io_cli
           10CE2             10CE2  _io_sti
           10CE4             10CE4  _io_stihlt
           10CE7             10CE7  _io_in8
           10CF2             10CF2  _io_in16
           10CFE             10CFE  _io_in32
           10D04             10D04  _io_out8
           10D0E             10D0E  _io_out16
           10D19             10D19  _io_out32
           10D23             10D23  _io_load_eflags
           10D26             10D26  _io_store_eflags
           10D2D             10D2D  _get_memory_block_count
           10D33             10D33  _get_leds
           10D39             10D39  _get_addr_buffer
           10D3F             10D3F  _get_addr_gdt
           10D45             10D45  _get_addr_code32
           10D4B             10D4B  _load_tr
           10D51             10D51  _farjmp
           10D5F             10D5F  asm_cons_putchar
           10D62             10D62  pusdad
           10D7A             10D7A  end_app
           10D7E             10D7E  get_esp
           10D81             10D81  get_ss
           10D86             10D86  _start_app

---- Section .data ------------------------------------------------------------

Real              Virtual           Name
           10DB8             10DB8  MemChkBuf
           10EB8             10EB8  dwMCRNumber
           10EBC             10EBC  LEDS

