
- NASM Map file ---------------------------------------------------------------

Source file:  kernel.asm
Output file:  kernel.bat

-- Symbols --------------------------------------------------------------------

---- No Section ---------------------------------------------------------------

Value     Name
00004000  DA_32
00000098  DA_C
00000092  DA_DRW
00000093  DA_DRWA
0000008E  DA_386IGate
00008000  DA_LIMIT_4K
00000089  DA_386TSS
000A0000  VRAM_ADDRESS
00001000  SystemFontLength
000000A8  GdtLen
00000008  SelectorCode32
00000010  SelectorVideo
00000020  SelectorStack
00000018  SelectorVram
00000028  SelectorFont
00000170  IdtLen
00007B1D  SpuriousHandler
00007B1E  KeyBoardHandler
00007B3C  mouseHandler
00007B5A  timerHandler
00007B74  stackOverFlowHandler
00007B8D  exceptionHandler
00007C40  AsmConsPutCharHandler
00007CA7  SegCode32Len


---- Section .text ------------------------------------------------------------

Real              Virtual           Name
            8003              8003  LABEL_SYSTEM_FONT
            8003              8003  _systemFont

---- Section .gdt -------------------------------------------------------------

Real              Virtual           Name
            9004              9004  LABEL_GDT
            900C              900C  LABEL_DESC_CODE32
            9014              9014  LABEL_DESC_VIDEO
            901C              901C  LABEL_DESC_VRAM
            9024              9024  LABEL_DESC_STACK
            902C              902C  LABEL_DESC_FONT
            9034              9034  LABEL_DESC_6
            903C              903C  LABEL_DESC_7
            9044              9044  LABEL_DESC_8
            904C              904C  LABEL_DESC_9
            9054              9054  LABEL_DESC_10
            90AC              90AC  GdtPtr
            90B2              90B2  LABEL_IDT
            9112              9112  LABEL_IDT.0Ch
            911A              911A  LABEL_IDT.0Dh
            91B2              91B2  LABEL_IDT.020h
            91BA              91BA  LABEL_IDT.021h
            9212              9212  LABEL_IDT.2CH
            921A              921A  LABEL_IDT.2DH
            9222              9222  IdtPtr

---- Section .s16 -------------------------------------------------------------

Real              Virtual           Name
            9228              9228  LABEL_BEGIN
            9233              9233  keystatus
            9233              9233  ComputeMemory
            923C              923C  ComputeMemory.loop
            9267              9267  LABEL_MEM_CHK_FAIL
            9270              9270  LABEL_MEM_CHK_OK
            9301              9301  init8259A
            9344              9344  io_delay

---- Section .s32 -------------------------------------------------------------

Real              Virtual           Name
            934C              934C  LABEL_SEG_CODE32
            9364              9364  _launch
            977A              977A  ?_001
            97B7              97B7  ?_002
            9883              9883  ?_003
            9930              9930  ?_004
            99A3              99A3  ?_005
            9A32              9A32  ?_006
            9B1C              9B1C  ?_007
            9B6B              9B6B  ?_008
            9B9C              9B9C  ?_009
            9BF4              9BF4  ?_010
            9C16              9C16  ?_011
            9C64              9C64  ?_012
            9C97              9C97  _set_cursor
            9D26              9D26  _isSpecialKey
            9D70              9D70  ?_013
            9D7A              9D7A  ?_014
            9D7F              9D7F  ?_015
            9D81              9D81  _transferScanCode
            9DA2              9DA2  ?_016
            9DBA              9DBA  ?_017
            9DD2              9DD2  ?_018
            9DEA              9DEA  ?_019
            9E0B              9E0B  ?_020
            9E15              9E15  ?_021
            9E4B              9E4B  ?_022
            9E55              9E55  ?_023
            9EAE              9EAE  ?_024
            9EE2              9EE2  ?_025
            9EEB              9EEB  ?_026
            9EEC              9EEC  ?_027
            9EF0              9EF0  ?_028
            9EF2              9EF2  _launch_console
            A0CA              A0CA  _cmd_dir
            A103              A103  ?_029
            A10F              A10F  ?_030
            A13C              A13C  ?_031
            A14A              A14A  ?_032
            A14B              A14B  ?_033
            A170              A170  ?_034
            A19A              A19A  ?_035
            A24D              A24D  ?_036
            A281              A281  _cmd_type
            A2C9              A2C9  ?_037
            A2FB              A2FB  ?_038
            A309              A309  ?_039
            A30A              A30A  ?_040
            A321              A321  ?_041
            A331              A331  ?_042
            A35E              A35E  ?_043
            A36C              A36C  ?_044
            A36D              A36D  ?_045
            A392              A392  ?_046
            A3BC              A3BC  ?_047
            A41F              A41F  ?_048
            A43D              A43D  ?_049
            A4BE              A4BE  ?_050
            A4F1              A4F1  ?_051
            A575              A575  ?_052
            A57C              A57C  ?_053
            A58E              A58E  ?_054
            A595              A595  ?_055
            A5A3              A5A3  ?_056
            A5F0              A5F0  _cmd_mem
            A6E6              A6E6  _cmd_cls
            A709              A709  ?_057
            A715              A715  ?_058
            A739              A739  ?_059
            A749              A749  ?_060
            A7CD              A7CD  _cmd_hlt
            A8E0              A8E0  _console_task
            A9FF              A9FF  ?_061
            AA22              AA22  ?_062
            AA80              AA80  ?_063
            AAA6              AAA6  ?_064
            AABE              AABE  ?_065
            AB05              AB05  ?_066
            AB67              AB67  ?_067
            AC02              AC02  ?_068
            AC26              AC26  ?_069
            AC4A              AC4A  ?_070
            AC6E              AC6E  ?_071
            ACB0              ACB0  ?_072
            ACBF              ACBF  ?_073
            AD4C              AD4C  ?_074
            ADB9              ADB9  ?_075
            ADFA              ADFA  _cons_putchar
            AEA9              AEA9  _cons_putstr
            AEB7              AEB7  ?_076
            AED7              AED7  ?_077
            AEE4              AEE4  _cons_newline
            AF03              AF03  ?_078
            AF0F              AF0F  ?_079
            AF1B              AF1B  ?_080
            AF58              AF58  ?_081
            AF68              AF68  ?_082
            AF7D              AF7D  ?_083
            AF89              AF89  ?_084
            AFA9              AFA9  ?_085
            AFB9              AFB9  ?_086
            AFF6              AFF6  ?_087
            B035              B035  _init_screen8
            B3DF              B3DF  _computeMousePosition
            B419              B419  ?_088
            B42C              B42C  ?_089
            B44A              B44A  ?_090
            B468              B468  ?_091
            B46B              B46B  _show_mouse_info
            B525              B525  ?_092
            B528              B528  _initBootInfo
            B549              B549  _showString
            B56B              B56B  ?_093
            B5BC              B5BC  ?_094
            B603              B603  _init_palette
            B62B              B62B  _set_palette
            B65F              B65F  ?_095
            B6CB              B6CB  ?_096
            B6E1              B6E1  _boxfill8
            B6FB              B6FB  ?_097
            B706              B706  ?_098
            B726              B726  ?_099
            B735              B735  ?_100
            B740              B740  _showFont8
            B75B              B75B  ?_101
            B78D              B78D  ?_102
            B7B9              B7B9  ?_103
            B7E5              B7E5  ?_104
            B811              B811  ?_105
            B83D              B83D  ?_106
            B869              B869  ?_107
            B895              B895  ?_108
            B8C1              B8C1  ?_109
            B8C8              B8C8  ?_110
            B8D8              B8D8  _init_mouse_cursor
            B8F3              B8F3  ?_111
            B8FF              B8FF  ?_112
            B92F              B92F  ?_113
            B95F              B95F  ?_114
            B992              B992  ?_115
            B999              B999  ?_116
            B9AD              B9AD  ?_117
            B9BD              B9BD  _putblock
            B9D3              B9D3  ?_118
            B9DF              B9DF  ?_119
            BA1B              BA1B  ?_120
            BA2A              BA2A  ?_121
            BA3C              BA3C  _intHandlerFromC
            BAA1              BAA1  _charToHexVal
            BAC4              BAC4  ?_122
            BACD              BACD  ?_123
            BACF              BACF  _charToHexStr
            BB27              BB27  _intToHexStr
            BB51              BB51  ?_124
            BB63              BB63  ?_125
            BB78              BB78  ?_126
            BBAE              BBAE  ?_127
            BBC2              BBC2  ?_128
            BBC9              BBC9  ?_129
            BBDB              BBDB  ?_130
            BBE2              BBE2  _wait_KBC_sendready
            BBEB              BBEB  ?_131
            BC05              BC05  ?_132
            BC09              BC09  _init_keyboard
            BC47              BC47  _enable_mouse
            BC8C              BC8C  _intHandlerForMouse
            BCE3              BCE3  _mouse_decode
            BD0A              BD0A  ?_133
            BD14              BD14  ?_134
            BD3F              BD3F  ?_135
            BD49              BD49  ?_136
            BD6F              BD6F  ?_137
            BDEA              BDEA  ?_138
            BE0F              BE0F  ?_139
            BE29              BE29  ?_140
            BE2E              BE2E  ?_141
            BE30              BE30  _showMemoryInfo
            C057              C057  _message_box
            C145              C145  _make_window8
            C410              C410  _make_wtitle8
            C433              C433  ?_142
            C43B              C43B  ?_143
            C4BF              C4BF  ?_144
            C4CB              C4CB  ?_145
            C4F2              C4F2  ?_146
            C501              C501  ?_147
            C510              C510  ?_148
            C514              C514  ?_149
            C548              C548  ?_150
            C55C              C55C  ?_151
            C573              C573  _make_textbox8
            C813              C813  _file_loadfile
            C84B              C84B  ?_152
            C857              C857  ?_153
            C884              C884  ?_154
            C892              C892  ?_155
            C893              C893  ?_156
            C8B8              C8B8  ?_157
            C8E2              C8E2  ?_158
            C967              C967  ?_159
            C987              C987  ?_160
            C994              C994  ?_161
            C99B              C99B  ?_162
            C9A9              C9A9  ?_163
            C9C8              C9C8  _kernel_api
            C9FD              C9FD  ?_164
            CA1E              CA1E  ?_165
            CA34              CA34  ?_166
            CA39              CA39  ?_167
            CA3B              CA3B  _intHandlerForException
            CAAA              CAAA  _intHandlerForStackOverFlow
            CB5E              CB5E  _kill_process
            CBA5              CBA5  _shtctl_init
            CBD7              CBD7  ?_168
            CC23              CC23  ?_169
            CC53              CC53  ?_170
            CC75              CC75  ?_171
            CC81              CC81  ?_172
            CC83              CC83  _sheet_alloc
            CC98              CC98  ?_173
            CCFB              CCFB  ?_174
            CD02              CD02  ?_175
            CD10              CD10  ?_176
            CD12              CD12  _sheet_setbuf
            CD3B              CD3B  _sheet_updown
            CD6E              CD6E  ?_177
            CD7E              CD7E  ?_178
            CDAB              CDAB  ?_179
            CDEB              CDEB  ?_180
            CEB0              CEB0  ?_181
            CEC6              CEC6  ?_182
            CF06              CF06  ?_183
            CF11              CF11  ?_184
            CFC9              CFC9  ?_185
            CFE9              CFE9  ?_186
            D029              D029  ?_187
            D049              D049  ?_188
            D057              D057  ?_189
            D09D              D09D  ?_190
            D0C7              D0C7  ?_191
            D166              D166  ?_192
            D172              D172  _sheet_refresh
            D1E9              D1E9  ?_193
            D1F9              D1F9  _sheet_slide
            D34D              D34D  ?_194
            D358              D358  _sheet_refreshsub
            D382              D382  ?_195
            D392              D392  ?_196
            D3A6              D3A6  ?_197
            D3BA              D3BA  ?_198
            D3C5              D3C5  ?_199
            D401              D401  ?_200
            D41B              D41B  ?_201
            D4AD              D4AD  ?_202
            D4B4              D4B4  ?_203
            D4CA              D4CA  ?_204
            D4E0              D4E0  ?_205
            D4EF              D4EF  _sheet_refreshmap
            D511              D511  ?_206
            D521              D521  ?_207
            D535              D535  ?_208
            D549              D549  ?_209
            D554              D554  ?_210
            D5D4              D5D4  ?_211
            D5E4              D5E4  ?_212
            D5F8              D5F8  ?_213
            D60C              D60C  ?_214
            D617              D617  ?_215
            D630              D630  ?_216
            D680              D680  ?_217
            D687              D687  ?_218
            D696              D696  ?_219
            D6A9              D6A9  ?_220
            D6BE              D6BE  _memman_init
            D6EB              D6EB  _memman_total
            D707              D707  ?_221
            D721              D721  ?_222
            D730              D730  _memman_alloc
            D745              D745  ?_223
            D7D8              D7D8  ?_224
            D7E0              D7E0  ?_225
            D7E7              D7E7  ?_226
            D7FA              D7FA  ?_227
            D7FC              D7FC  _memman_free
            D812              D812  ?_228
            D82D              D82D  ?_229
            D83C              D83C  ?_230
            D83D              D83D  ?_231
            D913              D913  ?_232
            D91D              D91D  ?_233
            D985              D985  ?_234
            D9A2              D9A2  ?_235
            D9D0              D9D0  ?_236
            D9FF              D9FF  ?_237
            DA2E              DA2E  ?_238
            DA57              DA57  ?_239
            DA60              DA60  _memman_alloc_4k
            DA93              DA93  _memman_free_4k
            DAD0              DAD0  _fifo8_init
            DB17              DB17  _fifo8_put
            DB39              DB39  ?_240
            DB60              DB60  ?_241
            DB9C              DB9C  ?_242
            DBE3              DBE3  ?_243
            DBE8              DBE8  ?_244
            DBEA              DBEA  _fifo8_get
            DC0D              DC0D  ?_245
            DC4C              DC4C  ?_246
            DC5E              DC5E  ?_247
            DC60              DC60  _fifo8_status
            DC78              DC78  _init_pit
            DCD3              DCD3  ?_248
            DCFC              DCFC  ?_249
            DD08              DD08  _timer_alloc
            DD1D              DD1D  ?_250
            DD54              DD54  ?_251
            DD5B              DD5B  ?_252
            DD69              DD69  ?_253
            DD6B              DD6B  _timer_free
            DD7B              DD7B  _timer_init
            DDA0              DDA0  _timer_settime
            DDB8              DDB8  _intHandlerForTimer
            DDF4              DDF4  ?_254
            DE91              DE91  ?_255
            DE9C              DE9C  ?_256
            DEA3              DEA3  ?_257
            DEB3              DEB3  _getTimerController
            DEBC              DEBC  _set_segmdesc
            DED8              DED8  ?_258
            DF3B              DF3B  _init_task_level
            DF90              DF90  ?_259
            DFB6              DFB6  ?_260
            DFC2              DFC2  _task_init
            DFF7              DFF7  ?_261
            E08E              E08E  ?_262
            E0A7              E0A7  ?_263
            E0B9              E0B9  ?_264
            E12D              E12D  _task_add
            E17F              E17F  _task_alloc
            E194              E194  ?_265
            E29C              E29C  ?_266
            E2A3              E2A3  ?_267
            E2B5              E2B5  ?_268
            E2B7              E2B7  _task_run
            E2D2              E2D2  ?_269
            E2E4              E2E4  ?_270
            E307              E307  ?_271
            E328              E328  ?_272
            E337              E337  _task_remove
            E36C              E36C  ?_273
            E38E              E38E  ?_274
            E395              E395  ?_275
            E39F              E39F  ?_276
            E3C6              E3C6  ?_277
            E3DF              E3DF  ?_278
            E3EE              E3EE  ?_279
            E40C              E40C  ?_280
            E419              E419  _task_switch
            E47B              E47B  ?_281
            E4AD              E4AD  ?_282
            E4FD              E4FD  ?_283
            E500              E500  _task_sleep
            E578              E578  ?_284
            E57D              E57D  _task_switchsub
            E592              E592  ?_285
            E5B9              E5B9  ?_286
            E5C7              E5C7  ?_287
            E5C8              E5C8  ?_288
            E5E1              E5E1  _task_now
            E61A              E61A  _send_message
            E64C              E64C  _strcmp
            E667              E667  ?_289
            E671              E671  ?_290
            E67D              E67D  ?_291
            E6A1              E6A1  ?_292
            E6A8              E6A8  ?_293
            E6C6              E6C6  ?_294
            E6EE              E6EE  ?_295
            E716              E716  ?_296
            E71B              E71B  ?_297
            E720              E720  _memman
            E740              E740  _keytable
            E7A0              E7A0  _keytable1
            E820              E820  _keyval
            E822              E822  ?_298
            E823              E823  ?_299
            E840              E840  _table_rgb.2528
            E880              E880  _cursor.2575
            E980              E980  _closebtn.2694
            EA60              EA60  ?_300
            EA68              EA68  ?_301
            EA75              EA75  ?_302
            EA7C              EA7C  ?_303
            EA84              EA84  ?_304
            EA86              EA86  ?_305
            EA8C              EA8C  ?_306
            EA90              EA90  ?_307
            EA92              EA92  ?_308
            EA9A              EA9A  ?_309
            EA9E              EA9E  ?_310
            EAA2              EAA2  ?_311
            EAA6              EAA6  ?_312
            EAAA              EAAA  ?_313
            EAB4              EAB4  ?_314
            EAC0              EAC0  ?_315
            EACC              EACC  ?_316
            EAD8              EAD8  ?_317
            EAE0              EAE0  ?_318
            EAFC              EAFC  ?_319
            EB03              EB03  ?_320
            EB13              EB13  ?_321
            EB5C              EB5C  _key_shift
            EB60              EB60  _caps_lock
            EB64              EB64  _g_Console
            EB68              EB68  ?_322
            EB6C              EB6C  ?_323
            EB70              EB70  ?_324
            EB74              EB74  ?_325
            EB75              EB75  ?_326
            EB78              EB78  _bootInfo
            EB7C              EB7C  ?_327
            EB7E              EB7E  ?_328
            EB80              EB80  _keyinfo
            EB98              EB98  ?_329
            EB9C              EB9C  _mouseinfo
            EBBC              EBBC  _keybuf
            EBDC              EBDC  _mousebuf
            EC5C              EC5C  _mdec
            EC68              EC68  ?_330
            EC6C              EC6C  _timerinfo
            EC88              EC88  _timerbuf
            EC90              EC90  _mx
            EC94              EC94  _my
            EC98              EC98  _xsize
            EC9C              EC9C  _ysize
            ECA0              ECA0  _buf_back
            ECBC              ECBC  _buf_mouse
            EDBC              EDBC  _shtMsgBox
            EDC0              EDC0  _shtctl
            EDC4              EDC4  _sht_back
            EDC8              EDC8  _sht_mouse
            EDCC              EDCC  _task_cons
            EDD0              EDD0  _task_main
            EDD4              EDD4  _buffer
            EDD8              EDD8  ?_331
            EDDC              EDDC  _task_a.2332
            EDFC              EDFC  _tss_a.2331
            EE7C              EE7C  _tss_b.2330
            EEE4              EEE4  _str.2623
            EEE5              EEE5  ?_332
            EEEE              EEEE  ?_333
            EEFC              EEFC  _timerctl
           10E5C             10E5C  _task_timer
           10E60             10E60  _taskctl
           10E69             10E69  _SpuriousHandler
           10E6A             10E6A  _KeyBoardHandler
           10E88             10E88  _mouseHandler
           10EA6             10EA6  _timerHandler
           10EC0             10EC0  _stackOverFlowHandler
           10ED9             10ED9  _exceptionHandler
           10EF2             10EF2  _get_font_data
           10F0B             10F0B  _io_hlt
           10F0D             10F0D  _io_cli
           10F0F             10F0F  _io_sti
           10F11             10F11  _io_stihlt
           10F14             10F14  _io_in8
           10F1F             10F1F  _io_in16
           10F2B             10F2B  _io_in32
           10F31             10F31  _io_out8
           10F3B             10F3B  _io_out16
           10F46             10F46  _io_out32
           10F50             10F50  _io_load_eflags
           10F53             10F53  _io_store_eflags
           10F5A             10F5A  _get_memory_block_count
           10F60             10F60  _get_leds
           10F66             10F66  _get_addr_buffer
           10F6C             10F6C  _get_addr_gdt
           10F72             10F72  _get_addr_code32
           10F78             10F78  _load_tr
           10F7E             10F7E  _farjmp
           10F8C             10F8C  asm_cons_putchar
           10F8F             10F8F  pusdad
           10FA9             10FA9  end_app
           10FAD             10FAD  get_esp
           10FB0             10FB0  get_ss
           10FB5             10FB5  _start_app
           10FE4             10FE4  _asm_end_app

---- Section .data ------------------------------------------------------------

Real              Virtual           Name
           10FF4             10FF4  MemChkBuf
           110F4             110F4  dwMCRNumber
           110F8             110F8  LEDS

