
- NASM Map file ---------------------------------------------------------------

Source file:  kernel.asm
Output file:  kernel.bat

-- Symbols --------------------------------------------------------------------

---- No Section ---------------------------------------------------------------

Value     Name
00004000  DA_32
00000098  DA_C
00000092  DA_DRW
00000093  DA_DRWA
0000008E  DA_386IGate
00008000  DA_LIMIT_4K
00000089  DA_386TSS
000A0000  VRAM_ADDRESS
00001000  SystemFontLength
000000A8  GdtLen
00000008  SelectorCode32
00000010  SelectorVideo
00000020  SelectorStack
00000018  SelectorVram
00000028  SelectorFont
00000170  IdtLen
0000846A  SpuriousHandler
0000846B  KeyBoardHandler
00008489  mouseHandler
000084A7  timerHandler
000084C1  stackOverFlowHandler
000084DA  exceptionHandler
0000858D  AsmConsPutCharHandler
000085F7  SegCode32Len


---- Section .text ------------------------------------------------------------

Real              Virtual           Name
            8003              8003  LABEL_SYSTEM_FONT
            8003              8003  systemFont

---- Section .gdt -------------------------------------------------------------

Real              Virtual           Name
            9004              9004  LABEL_GDT
            900C              900C  LABEL_DESC_CODE32
            9014              9014  LABEL_DESC_VIDEO
            901C              901C  LABEL_DESC_VRAM
            9024              9024  LABEL_DESC_STACK
            902C              902C  LABEL_DESC_FONT
            9034              9034  LABEL_DESC_6
            903C              903C  LABEL_DESC_7
            9044              9044  LABEL_DESC_8
            904C              904C  LABEL_DESC_9
            9054              9054  LABEL_DESC_10
            90AC              90AC  GdtPtr
            90B2              90B2  LABEL_IDT
            9112              9112  LABEL_IDT.0Ch
            911A              911A  LABEL_IDT.0Dh
            91B2              91B2  LABEL_IDT.020h
            91BA              91BA  LABEL_IDT.021h
            9212              9212  LABEL_IDT.2CH
            921A              921A  LABEL_IDT.2DH
            9222              9222  IdtPtr

---- Section .s16 -------------------------------------------------------------

Real              Virtual           Name
            9228              9228  LABEL_BEGIN
            9233              9233  keystatus
            9233              9233  ComputeMemory
            923C              923C  ComputeMemory.loop
            9267              9267  LABEL_MEM_CHK_FAIL
            9270              9270  LABEL_MEM_CHK_OK
            9301              9301  init8259A
            9344              9344  io_delay

---- Section .s32 -------------------------------------------------------------

Real              Virtual           Name
            934C              934C  LABEL_SEG_CODE32
            9364              9364  CMain
            97CF              97CF  ?_001
            9829              9829  ?_002
            98DC              98DC  ?_003
            997B              997B  ?_004
            99EA              99EA  ?_005
            9A71              9A71  ?_006
            9B5F              9B5F  ?_007
            9BDA              9BDA  ?_008
            9C1D              9C1D  ?_009
            9C90              9C90  ?_010
            9CB5              9CB5  ?_011
            9D09              9D09  ?_012
            9D34              9D34  ?_013
            9D39              9D39  set_cursor
            9DAB              9DAB  isSpecialKey
            9E23              9E23  ?_014
            9E2D              9E2D  ?_015
            9E32              9E32  ?_016
            9E34              9E34  transferScanCode
            9E59              9E59  ?_017
            9E75              9E75  ?_018
            9E91              9E91  ?_019
            9EAD              9EAD  ?_020
            9ED6              9ED6  ?_021
            9EE0              9EE0  ?_022
            9F2E              9F2E  ?_023
            9F38              9F38  ?_024
            9FA9              9FA9  ?_025
            9FAE              9FAE  ?_026
            9FEE              9FEE  ?_027
            9FF2              9FF2  ?_028
            9FF6              9FF6  ?_029
            9FF8              9FF8  launch_console
            A1DF              A1DF  kill_process
            A233              A233  cmd_dir
            A272              A272  ?_030
            A27E              A27E  ?_031
            A2AB              A2AB  ?_032
            A2B0              A2B0  ?_033
            A2B7              A2B7  ?_034
            A2C4              A2C4  ?_035
            A2E9              A2E9  ?_036
            A30D              A30D  ?_037
            A3C8              A3C8  ?_038
            A3F8              A3F8  cmd_type
            A447              A447  ?_039
            A47B              A47B  ?_040
            A480              A480  ?_041
            A487              A487  ?_042
            A494              A494  ?_043
            A4AB              A4AB  ?_044
            A4BB              A4BB  ?_045
            A4EA              A4EA  ?_046
            A4EF              A4EF  ?_047
            A4F6              A4F6  ?_048
            A503              A503  ?_049
            A528              A528  ?_050
            A54E              A54E  ?_051
            A5BB              A5BB  ?_052
            A5D9              A5D9  ?_053
            A65B              A65B  ?_054
            A660              A660  ?_055
            A69E              A69E  ?_056
            A72B              A72B  ?_057
            A732              A732  ?_058
            A744              A744  ?_059
            A74B              A74B  ?_060
            A759              A759  ?_061
            A7AD              A7AD  cmd_mem
            A89B              A89B  cmd_cls
            A8BE              A8BE  ?_062
            A8CA              A8CA  ?_063
            A8F0              A8F0  ?_064
            A904              A904  ?_065
            A981              A981  cmd_hlt
            AAA6              AAA6  console_task
            ABDD              ABDD  ?_066
            AC0E              AC0E  ?_067
            AC6F              AC6F  ?_068
            ACC4              ACC4  ?_069
            ACED              ACED  ?_070
            AD0B              AD0B  ?_071
            AD5F              AD5F  ?_072
            ADC6              ADC6  ?_073
            AE77              AE77  ?_074
            AEA5              AEA5  ?_075
            AEDD              AEDD  ?_076
            AF0B              AF0B  ?_077
            AF66              AF66  ?_078
            AF75              AF75  ?_079
            B000              B000  ?_080
            B085              B085  ?_081
            B0BD              B0BD  ?_082
            B0C2              B0C2  cons_putstr
            B0D0              B0D0  ?_083
            B0F7              B0F7  ?_084
            B108              B108  api_linewin
            B141              B141  ?_085
            B14D              B14D  ?_086
            B178              B178  ?_087
            B17F              B17F  ?_088
            B1A5              B1A5  ?_089
            B1BF              B1BF  ?_090
            B1E2              B1E2  ?_091
            B1E9              B1E9  ?_092
            B20F              B20F  ?_093
            B224              B224  ?_094
            B230              B230  ?_095
            B268              B268  ?_096
            B272              B272  handle_keyboard
            B283              B283  ?_097
            B2B7              B2B7  ?_098
            B2D4              B2D4  ?_099
            B33E              B33E  ?_100
            B35A              B35A  ?_101
            B36F              B36F  ?_102
            B374              B374  ?_103
            B376              B376  kernel_api
            B3C2              B3C2  ?_104
            B3F1              B3F1  ?_105
            B417              B417  ?_106
            B4DA              B4DA  ?_107
            B55D              B55D  ?_108
            B5D6              B5D6  ?_109
            B60B              B60B  ?_110
            B64A              B64A  ?_111
            B686              B686  ?_112
            B6B3              B6B3  ?_113
            B6DB              B6DB  ?_114
            B6E0              B6E0  ?_115
            B6E5              B6E5  cons_putchar
            B786              B786  cons_newline
            B7A9              B7A9  ?_116
            B7B5              B7B5  ?_117
            B7C1              B7C1  ?_118
            B800              B800  ?_119
            B814              B814  ?_120
            B82D              B82D  ?_121
            B839              B839  ?_122
            B85B              B85B  ?_123
            B86F              B86F  ?_124
            B8AA              B8AA  ?_125
            B8DE              B8DE  init_screen8
            BBF7              BBF7  computeMousePosition
            BC31              BC31  ?_126
            BC44              BC44  ?_127
            BC68              BC68  ?_128
            BC8C              BC8C  ?_129
            BC8E              BC8E  show_mouse_info
            BD56              BD56  ?_130
            BD58              BD58  initBootInfo
            BD78              BD78  showString
            BD9A              BD9A  ?_131
            BDE4              BDE4  ?_132
            BE20              BE20  init_palette
            BE4C              BE4C  set_palette
            BE86              BE86  ?_133
            BF07              BF07  ?_134
            BF2A              BF2A  boxfill8
            BF44              BF44  ?_135
            BF4F              BF4F  ?_136
            BF71              BF71  ?_137
            BF84              BF84  ?_138
            BF92              BF92  showFont8
            BFAD              BFAD  ?_139
            BFE1              BFE1  ?_140
            C013              C013  ?_141
            C045              C045  ?_142
            C077              C077  ?_143
            C0A9              C0A9  ?_144
            C0DB              C0DB  ?_145
            C10D              C10D  ?_146
            C13F              C13F  ?_147
            C146              C146  ?_148
            C155              C155  init_mouse_cursor
            C170              C170  ?_149
            C17C              C17C  ?_150
            C1B0              C1B0  ?_151
            C1E4              C1E4  ?_152
            C21B              C21B  ?_153
            C222              C222  ?_154
            C236              C236  ?_155
            C245              C245  putblock
            C25A              C25A  ?_156
            C266              C266  ?_157
            C2A4              C2A4  ?_158
            C2B3              C2B3  ?_159
            C2BD              C2BD  intHandlerFromC
            C33A              C33A  charToHexVal
            C361              C361  ?_160
            C36A              C36A  ?_161
            C36C              C36C  charToHexStr
            C3CC              C3CC  intToHexStr
            C3F6              C3F6  ?_162
            C408              C408  ?_163
            C421              C421  ?_164
            C45B              C45B  ?_165
            C46F              C46F  ?_166
            C476              C476  ?_167
            C490              C490  ?_168
            C497              C497  wait_KBC_sendready
            C4A0              C4A0  ?_169
            C4C8              C4C8  ?_170
            C4CD              C4CD  ?_171
            C4CF              C4CF  init_keyboard
            C51B              C51B  enable_mouse
            C56E              C56E  intHandlerForMouse
            C5E3              C5E3  mouse_decode
            C612              C612  ?_172
            C61C              C61C  ?_173
            C64F              C64F  ?_174
            C659              C659  ?_175
            C683              C683  ?_176
            C702              C702  ?_177
            C72B              C72B  ?_178
            C745              C745  ?_179
            C74A              C74A  ?_180
            C74C              C74C  showMemoryInfo
            C951              C951  message_box
            CA38              CA38  make_window8
            CC61              CC61  make_wtitle8
            CC88              CC88  ?_181
            CC90              CC90  ?_182
            CCFE              CCFE  ?_183
            CD0A              CD0A  ?_184
            CD35              CD35  ?_185
            CD48              CD48  ?_186
            CD5B              CD5B  ?_187
            CD5F              CD5F  ?_188
            CD92              CD92  ?_189
            CDA6              CDA6  ?_190
            CDB8              CDB8  make_textbox8
            CFD1              CFD1  file_loadfile
            D010              D010  ?_191
            D01C              D01C  ?_192
            D049              D049  ?_193
            D04E              D04E  ?_194
            D055              D055  ?_195
            D062              D062  ?_196
            D087              D087  ?_197
            D0AB              D0AB  ?_198
            D140              D140  ?_199
            D15E              D15E  ?_200
            D16B              D16B  ?_201
            D172              D172  ?_202
            D180              D180  ?_203
            D1A2              D1A2  intHandlerForStackOverFlow
            D287              D287  intHandlerForException
            D30A              D30A  memman_init
            D336              D336  memman_total
            D352              D352  ?_204
            D36C              D36C  ?_205
            D37B              D37B  memman_alloc
            D390              D390  ?_206
            D429              D429  ?_207
            D431              D431  ?_208
            D438              D438  ?_209
            D44B              D44B  ?_210
            D44D              D44D  memman_free
            D463              D463  ?_211
            D47C              D47C  ?_212
            D483              D483  ?_213
            D491              D491  ?_214
            D568              D568  ?_215
            D572              D572  ?_216
            D5DF              D5DF  ?_217
            D5FC              D5FC  ?_218
            D62A              D62A  ?_219
            D661              D661  ?_220
            D68A              D68A  ?_221
            D6B3              D6B3  ?_222
            D6BC              D6BC  memman_alloc_4k
            D6EE              D6EE  memman_free_4k
            D723              D723  shtctl_init
            D75F              D75F  ?_223
            D7B8              D7B8  ?_224
            D7E8              D7E8  ?_225
            D807              D807  ?_226
            D817              D817  ?_227
            D819              D819  sheet_alloc
            D82E              D82E  ?_228
            D88F              D88F  ?_229
            D896              D896  ?_230
            D8A8              D8A8  ?_231
            D8AA              D8AA  sheet_setbuf
            D8D3              D8D3  sheet_updown
            D909              D909  ?_232
            D91D              D91D  ?_233
            D94A              D94A  ?_234
            D98A              D98A  ?_235
            DA40              DA40  ?_236
            DA5A              DA5A  ?_237
            DA9A              DA9A  ?_238
            DAA9              DAA9  ?_239
            DB52              DB52  ?_240
            DB76              DB76  ?_241
            DBB6              DBB6  ?_242
            DBD3              DBD3  ?_243
            DBE1              DBE1  ?_244
            DC2A              DC2A  ?_245
            DC55              DC55  ?_246
            DCE2              DCE2  ?_247
            DCE9              DCE9  sheet_refresh
            DD5B              DD5B  ?_248
            DD68              DD68  sheet_slide
            DE96              DE96  ?_249
            DE9D              DE9D  sheet_refreshsub
            DEC7              DEC7  ?_250
            DEDB              DEDB  ?_251
            DEF3              DEF3  ?_252
            DF0B              DF0B  ?_253
            DF16              DF16  ?_254
            DF51              DF51  ?_255
            DF6B              DF6B  ?_256
            E01B              E01B  ?_257
            E022              E022  ?_258
            E038              E038  ?_259
            E04E              E04E  ?_260
            E05C              E05C  sheet_refreshmap
            E07E              E07E  ?_261
            E08E              E08E  ?_262
            E0A6              E0A6  ?_263
            E0BE              E0BE  ?_264
            E0C9              E0C9  ?_265
            E148              E148  ?_266
            E158              E158  ?_267
            E170              E170  ?_268
            E188              E188  ?_269
            E193              E193  ?_270
            E1AC              E1AC  ?_271
            E204              E204  ?_272
            E20B              E20B  ?_273
            E21A              E21A  ?_274
            E22D              E22D  ?_275
            E23F              E23F  sheet_free
            E272              E272  ?_276
            E27F              E27F  init_pit
            E2EF              E2EF  ?_277
            E31A              E31A  ?_278
            E329              E329  timer_alloc
            E33E              E33E  ?_279
            E37B              E37B  ?_280
            E382              E382  ?_281
            E394              E394  ?_282
            E396              E396  timer_free
            E3A6              E3A6  timer_init
            E3CB              E3CB  timer_settime
            E3E3              E3E3  intHandlerForTimer
            E426              E426  ?_283
            E4D8              E4D8  ?_284
            E4E7              E4E7  ?_285
            E4EE              E4EE  ?_286
            E4FE              E4FE  getTimerController
            E508              E508  fifo8_init
            E54F              E54F  fifo8_put
            E575              E575  ?_287
            E5A0              E5A0  ?_288
            E5E0              E5E0  ?_289
            E633              E633  ?_290
            E638              E638  ?_291
            E63A              E63A  fifo8_get
            E661              E661  ?_292
            E6A4              E6A4  ?_293
            E6B6              E6B6  ?_294
            E6B8              E6B8  fifo8_status
            E6CD              E6CD  strcmp
            E6F0              E6F0  ?_295
            E6FA              E6FA  ?_296
            E706              E706  ?_297
            E72E              E72E  ?_298
            E735              E735  ?_299
            E75B              E75B  ?_300
            E78B              E78B  ?_301
            E7BB              E7BB  ?_302
            E7C0              E7C0  ?_303
            E7C2              E7C2  set_segmdesc
            E7DE              E7DE  ?_304
            E841              E841  get_taskctl
            E84B              E84B  init_task_level
            E898              E898  ?_305
            E8BA              E8BA  ?_306
            E8C9              E8C9  task_init
            E904              E904  ?_307
            E998              E998  ?_308
            E9B1              E9B1  ?_309
            E9CC              E9CC  ?_310
            EA5E              EA5E  task_alloc
            EA73              EA73  ?_311
            EB7C              EB7C  ?_312
            EB83              EB83  ?_313
            EB95              EB95  ?_314
            EB97              EB97  task_run
            EBB2              EBB2  ?_315
            EBC8              EBC8  ?_316
            EBFC              EBFC  ?_317
            EC2A              EC2A  ?_318
            EC39              EC39  task_switch
            EC9F              EC9F  ?_319
            ECD5              ECD5  ?_320
            ED3A              ED3A  ?_321
            ED3D              ED3D  task_sleep
            EDD1              EDD1  ?_322
            EDD6              EDD6  task_now
            EE0F              EE0F  task_add
            EE61              EE61  task_remove
            EE96              EE96  ?_323
            EEBC              EEBC  ?_324
            EEC3              EEC3  ?_325
            EED1              EED1  ?_326
            EEFC              EEFC  ?_327
            EF15              EF15  ?_328
            EF24              EF24  ?_329
            EF42              EF42  ?_330
            EF53              EF53  task_switchsub
            EF68              EF68  ?_331
            EF8D              EF8D  ?_332
            EF94              EF94  ?_333
            EFA1              EFA1  ?_334
            EFB9              EFB9  send_message
            EFFA              EFFA  ?_335
            F002              F002  ?_336
            F00F              F00F  ?_337
            F016              F016  ?_338
            F01E              F01E  ?_339
            F020              F020  ?_340
            F026              F026  ?_341
            F02A              F02A  ?_342
            F02C              F02C  ?_343
            F034              F034  ?_344
            F045              F045  ?_345
            F049              F049  ?_346
            F04D              F04D  ?_347
            F051              F051  ?_348
            F055              F055  ?_349
            F05F              F05F  ?_350
            F06B              F06B  ?_351
            F077              F077  ?_352
            F083              F083  ?_353
            F08A              F08A  ?_354
            F09A              F09A  ?_355
            F0A1              F0A1  ?_356
            F0A9              F0A9  ?_357
            F0C5              F0C5  memman
            F105              F105  keytable
            F185              F185  keytable1
            F215              F215  keyval
            F217              F217  ?_358
            F218              F218  ?_359
            F21D              F21D  KEY_CONTROL
            F225              F225  table_rgb.2060
            F285              F285  cursor.2107
            F385              F385  closebtn.2226
            F465              F465  g_hlt
            F469              F469  key_shift
            F46D              F46D  caps_lock
            F471              F471  g_Console
            F475              F475  ?_360
            F479              F479  ?_361
            F47D              F47D  ?_362
            F481              F481  ?_363
            F482              F482  ?_364
            F485              F485  ?_365
            F489              F489  bootInfo
            F48D              F48D  ?_366
            F48F              F48F  ?_367
            F491              F491  keyinfo
            F4A9              F4A9  ?_368
            F4AD              F4AD  mouseinfo
            F4E5              F4E5  keybuf
            F525              F525  mousebuf
            F5A5              F5A5  mdec
            F5B1              F5B1  ?_369
            F5B5              F5B5  timerinfo
            F5D1              F5D1  timerbuf
            F5D9              F5D9  mx
            F5DD              F5DD  my
            F5E1              F5E1  xsize
            F5E5              F5E5  ysize
            F5E9              F5E9  buf_back
            F625              F625  buf_mouse
            F725              F725  shtMsgBox
            F729              F729  shtctl
            F72D              F72D  sht_back
            F731              F731  sht_mouse
            F735              F735  task_cons
            F739              F739  task_main
            F73D              F73D  buffer
            F741              F741  ?_370
            F745              F745  ?_371
            F749              F749  task_a.1823
            F765              F765  tss_a.1822
            F7E5              F7E5  tss_b.1821
            F84D              F84D  task_b.1811
            F859              F859  str.2155
            F85A              F85A  ?_372
            F863              F863  ?_373
            F865              F865  timerctl
           117A9             117A9  task_timer
           117AD             117AD  taskctl
           117B6             117B6  _SpuriousHandler
           117B7             117B7  _KeyBoardHandler
           117D5             117D5  _mouseHandler
           117F3             117F3  _timerHandler
           1180D             1180D  _stackOverFlowHandler
           11826             11826  _exceptionHandler
           1183F             1183F  get_font_data
           11858             11858  io_hlt
           1185A             1185A  io_cli
           1185C             1185C  io_sti
           1185E             1185E  io_stihlt
           11861             11861  io_in8
           1186C             1186C  io_in16
           11878             11878  io_in32
           1187E             1187E  io_out8
           11888             11888  io_out16
           11893             11893  io_out32
           1189D             1189D  io_load_eflags
           118A0             118A0  io_store_eflags
           118A7             118A7  get_memory_block_count
           118AD             118AD  get_leds
           118B3             118B3  get_adr_buffer
           118B9             118B9  get_addr_gdt
           118BF             118BF  get_code32_addr
           118C5             118C5  load_tr
           118CB             118CB  farjmp
           118D9             118D9  asm_cons_putchar
           118F9             118F9  end_app
           118FD             118FD  get_esp
           11900             11900  get_ss
           11905             11905  start_app
           11934             11934  asm_end_app

---- Section .data ------------------------------------------------------------

Real              Virtual           Name
           11944             11944  MemChkBuf
           11A44             11A44  dwMCRNumber
           11A48             11A48  LEDS

